#!/bin/bash

function cmd_ti_tidb_failpoint_enable()
{
	local ti_file="${1}"
	local ti_args="${2}"
	local cmd_mod_names="${3}"
	local cmd_hosts="${4}"
	local cmd_indexes="${5}"
	local mods="${6}"
	shift 6

	local mod=`from_mods_random_mod "${mods}" 'tidb' 'false'`
	if [ -z "${mod}" ]; then
		echo "[cmd tidb/failpoint/enable] no tidb selected" >&2
		return 1
	fi

	local dir=`from_mod_get_dir "${mod}"`
	local host=`from_mod_get_host "${mod}"`

	local port=`ssh_get_value_from_proc_info "${host}" "${dir}" 'status_port'`
	if [ -z "${host}" ]; then
		local host=`must_print_ip`
	fi

	if [ -z "${port}" ]; then
		echo "[cmd tidb/failpoint/enable] getting tidb port failed from ${host}:${dir}" >&2
		return 1
	fi

	if [ -z "${2+x}" ]; then
		echo "[cmd tidb/failpoint/enable] usage: <cmd> <failpoint> <action>" >&2
		echo "              e.g. tidb/failpoint/enable \"ddl/mockDelayWhenColumnStateChanged\" \"return(20)\" " >&2
		return 1
	fi

	set -x
	local failpoint="${1}"
	local action="${2}"
	curl -X PUT -d "${action}" "http://${host}:${port}/fail/${failpoint}"
}

set -euo pipefail
cmd_ti_tidb_failpoint_enable "${@}"
