#!/bin/bash

function verify_raft_sync()
{
	local ti_file="${1}"
	local ti_args="${2}"
	local cmd_mod_names="${3}"
	local cmd_hosts="${4}"
	local cmd_indexes="${5}"
	local mods="${6}"
	shift 6

	local db='test'
	local table='hello'
	if [ ! -z "${1+x}" ] && [ ! -z "${1}" ]; then
		local table="${1}"
	fi

	local ti="${integrated}/ops/ti.sh"

	local tidb_ok=`"${ti}" -h "${cmd_hosts}" -m "${cmd_mod_names}" -i "${cmd_indexes}" \
		-k "${ti_args}" "${ti_file}" 'mysql' "show databases" | grep "${db}"`
	if [ ! -z "${tidb_ok}" ]; then
		echo 'OK     tidb: show databases'
	else
		echo 'FAILED tidb: show databases'
		return 1
	fi

	local tiflash_ok=`"${ti}" -h "${cmd_hosts}" -m "${cmd_mod_names}" -i "${cmd_indexes}" \
		-k "${ti_args}" "${ti_file}" 'ch' "show databases" | grep 'default'`
	if [ ! -z "${tiflash_ok}" ]; then
		echo 'OK     tiflash: show databases'
	else
		echo 'FAILED tiflash: show databases'
		return 1
	fi

	"${ti}" -h "${cmd_hosts}" -m "${cmd_mod_names}" -i "${cmd_indexes}" -k "${ti_args}" \
		"${ti_file}" 'mysql' "drop table if exists ${db}.${table}" >/dev/null 2>&1
	"${ti}" -h "${cmd_hosts}" -m "${cmd_mod_names}" -i "${cmd_indexes}" -k "${ti_args}" \
		"${ti_file}" 'mysql' "create table if not exists ${db}.${table} (col varchar(10))" "${db}" 'false'
	local create_ok=`"${ti}" -h "${cmd_hosts}" -m "${cmd_mod_names}" -i "${cmd_indexes}" -k \
		"${ti_args}" "${ti_file}" 'mysql' "show create table ${db}.${table}" 2>&1 | grep 'InnoDB'`
	if [ ! -z "${create_ok}" ]; then
		echo "OK     tidb: create table ${db}.${table} (col varchar(10))"
	else
		echo "FAILED tidb: create table ${db}.${table} (col varchar(10)): ${create_ok}"
		return 1
	fi

	local insert_sql="insert into ${db}.${table} (col) values ('world')"
	"${ti}" -h "${cmd_hosts}" -m "${cmd_mod_names}" -i "${cmd_indexes}" -k "${ti_args}" \
		"${ti_file}" 'mysql' "${insert_sql}" "${db}" 'false'
	local insert_ok=`"${ti}" -h "${cmd_hosts}" -m "${cmd_mod_names}" -i "${cmd_indexes}" -k \
		"${ti_args}" "${ti_file}" 'mysql' "select col from ${db}.${table}" 2>&1 | grep 'world'`
	if [ ! -z "${insert_ok}" ]; then
		echo "OK     tidb: ${insert_sql}"
	else
		echo "FAILED tidb: ${insert_sql}: ${insert_ok}"
		return 1
	fi

	local enable_sync_res=`"${ti}" -h "${cmd_hosts}" -m "${cmd_mod_names}" -i "${cmd_indexes}" \
		-k "${ti_args}" "${ti_file}" 'syncing/set' "${db}" "${table}" 2>&1`
	local enable_sync_ok=`echo "${enable_sync_res}" | grep '\->'`
	if [ ! -z "${enable_sync_ok}" ]; then
		echo "OK     tidb: alter table ${db}.${table} set tiflash replica 1"
	else
		echo "FAILED tidb: alter table ${db}.${table} set tiflash replica 1: ${enable_sync_res}"
		return 1
	fi

	# TODO: FLASH-633
	sleep 10

	local sql="select /*+ read_from_storage(tiflash[${table}]) */ col from ${table}"
	local read_res=`"${ti}" -h "${cmd_hosts}" -m "${cmd_mod_names}" -i "${cmd_indexes}" \
		-k "${ti_args}" "${ti_file}" 'mysql' "${sql}" "${db}" 2>&1`
	local read_ok=`echo "${read_res}" | grep 'world'`
	if [ -z "${read_ok}" ]; then
		echo "FAILED tidb: ${sql}, result=\"${read_res}\""
		return 1
	else
		echo "OK     tidb: ${sql}"
	fi

	local sql="select col from ${db}.${table}"
	local read_res=`"${ti}" -h "${cmd_hosts}" -m "${cmd_mod_names}" -i "${cmd_indexes}" \
		-k "${ti_args}" "${ti_file}" 'ch' "${sql}" '' 'TabSeparated' 2>&1`
	local read_err=`echo "${read_res}" | grep 'Exception'`
	local read_ok=`echo "${read_res}" | grep 'world'`
	if [ ! -z "${read_err}" ]; then
		echo "WARN   tiflash: ${sql}: ${read_err}"
	elif [ -z "${read_ok}" ]; then
		echo "WARN   tiflash: ${sql}: ${read_err}, result=\"${read_res}\""
	else
		echo "OK     tiflash: ${sql}"
	fi

	local drop_err=`"${ti}" -h "${cmd_hosts}" -m "${cmd_mod_names}" -i "${cmd_indexes}" \
		-k "${ti_args}" "${ti_file}" 'mysql' "drop table if exists ${db}.${table}" "${db}" 'false'`
	if [ -z "${drop_err}" ]; then
		echo "OK     tidb: drop table if exists ${db}.${table}"
	else
		echo "FAILED tidb: drop table if exists ${db}.${table}"
		return 1
	fi
}

source "`cd $(dirname ${BASH_SOURCE[0]}) && pwd`/_env.sh"
auto_error_handle
verify_raft_sync "${@}"
