#!/bin/bash
function cmd_ti_tidb_test_randgen()
{
	local ti_file="${1}"
	local ti_args="${2}"
	local cmd_mod_names="${3}"
	local cmd_hosts="${4}"
	local cmd_indexes="${5}"
	local mods="${6}"
	shift 6

	local tidb_mod=`from_mods_random_mod "${mods}" 'tidb' 'false'`
	if [ -z "${tidb_mod}" ]; then
		echo "[cmd tidb/test/randgen] no selected tidb" >&2
		return 1
	fi

	local host=`from_mod_get_host "${tidb_mod}"`
	local dir=`from_mod_get_dir "${tidb_mod}"`

	local port=`ssh_get_value_from_proc_info "${host}" "${dir}" 'tidb_port'`

	local bin_dir="/tmp/ti/master/bins"
	local test_file_path="${integrated}/resource/tidb_test"
	# TODO: remove hardcode file path
	local conf_file="${integrated}/conf/tools_local.kv"

	local binary_url=`local_package_get_value "${conf_file}" "randgen_url" "${integrated}/resource"`
	copy_test_binary "${binary_url}" "randgen_test" "${bin_dir}"

	local test_file_origin_path=`local_package_get_value "${conf_file}" "randgen_file_url" "${integrated}/resource"`
	copy_test_binary "${test_file_origin_path}" "randgen_file" "${test_file_path}"

	echo "Start to run randgen test..."
	"${bin_dir}/randgen_test" \
		--host="${host}" \
		--port="${port}" \
		--log-level=info \
		--test-file-dir="${test_file_path}/randgen_file" \
		1>randgen.log 2>&1	
}

set -euo pipefail
cmd_ti_tidb_test_randgen "${@}"
